###############################################################################
#                                                                             #
# IAR ELF Linker V6.50.3.4676/W32 for ARM               11/Mar/2013  20:18:57 #
# Copyright 2007-2013 IAR Systems AB.                                         #
#                                                                             #
#    Output file  =  C:\BookSrc_CM3_IAR\Software\EvalBoards\ST\MANGO-Z1\IAR\O #
#                    S-Probe\Flash\Exe\MANGO-Z1.out                           #
#    Map file     =  C:\BookSrc_CM3_IAR\Software\EvalBoards\ST\MANGO-Z1\IAR\O #
#                    S-Probe\Flash\List\MANGO-Z1.map                          #
#    Command line =  C:\BookSrc_CM3_IAR\Software\EvalBoards\ST\MANGO-Z1\IAR\O #
#                    S-Probe\Flash\Obj\app.o C:\BookSrc_CM3_IAR\Software\Eval #
#                    Boards\ST\MANGO-Z1\IAR\OS-Probe\Flash\Obj\app_vect_v5.o  #
#                    C:\BookSrc_CM3_IAR\Software\EvalBoards\ST\MANGO-Z1\IAR\O #
#                    S-Probe\Flash\Obj\bsp.o C:\BookSrc_CM3_IAR\Software\Eval #
#                    Boards\ST\MANGO-Z1\IAR\OS-Probe\Flash\Obj\bsp_int.o      #
#                    C:\BookSrc_CM3_IAR\Software\EvalBoards\ST\MANGO-Z1\IAR\O #
#                    S-Probe\Flash\Obj\bsp_periph.o                           #
#                    C:\BookSrc_CM3_IAR\Software\EvalBoards\ST\MANGO-Z1\IAR\O #
#                    S-Probe\Flash\Obj\cpu_a.o C:\BookSrc_CM3_IAR\Software\Ev #
#                    alBoards\ST\MANGO-Z1\IAR\OS-Probe\Flash\Obj\cpu_c.o      #
#                    C:\BookSrc_CM3_IAR\Software\EvalBoards\ST\MANGO-Z1\IAR\O #
#                    S-Probe\Flash\Obj\lcd.o C:\BookSrc_CM3_IAR\Software\Eval #
#                    Boards\ST\MANGO-Z1\IAR\OS-Probe\Flash\Obj\lib_mem.o      #
#                    C:\BookSrc_CM3_IAR\Software\EvalBoards\ST\MANGO-Z1\IAR\O #
#                    S-Probe\Flash\Obj\lib_mem_a.o                            #
#                    C:\BookSrc_CM3_IAR\Software\EvalBoards\ST\MANGO-Z1\IAR\O #
#                    S-Probe\Flash\Obj\lib_str.o                              #
#                    C:\BookSrc_CM3_IAR\Software\EvalBoards\ST\MANGO-Z1\IAR\O #
#                    S-Probe\Flash\Obj\os_core.o                              #
#                    C:\BookSrc_CM3_IAR\Software\EvalBoards\ST\MANGO-Z1\IAR\O #
#                    S-Probe\Flash\Obj\os_cpu_a.o                             #
#                    C:\BookSrc_CM3_IAR\Software\EvalBoards\ST\MANGO-Z1\IAR\O #
#                    S-Probe\Flash\Obj\os_cpu_c.o                             #
#                    C:\BookSrc_CM3_IAR\Software\EvalBoards\ST\MANGO-Z1\IAR\O #
#                    S-Probe\Flash\Obj\os_dbg.o C:\BookSrc_CM3_IAR\Software\E #
#                    valBoards\ST\MANGO-Z1\IAR\OS-Probe\Flash\Obj\os_flag.o   #
#                    C:\BookSrc_CM3_IAR\Software\EvalBoards\ST\MANGO-Z1\IAR\O #
#                    S-Probe\Flash\Obj\os_mbox.o                              #
#                    C:\BookSrc_CM3_IAR\Software\EvalBoards\ST\MANGO-Z1\IAR\O #
#                    S-Probe\Flash\Obj\os_mem.o C:\BookSrc_CM3_IAR\Software\E #
#                    valBoards\ST\MANGO-Z1\IAR\OS-Probe\Flash\Obj\os_mutex.o  #
#                    C:\BookSrc_CM3_IAR\Software\EvalBoards\ST\MANGO-Z1\IAR\O #
#                    S-Probe\Flash\Obj\os_probe.o                             #
#                    C:\BookSrc_CM3_IAR\Software\EvalBoards\ST\MANGO-Z1\IAR\O #
#                    S-Probe\Flash\Obj\os_q.o C:\BookSrc_CM3_IAR\Software\Eva #
#                    lBoards\ST\MANGO-Z1\IAR\OS-Probe\Flash\Obj\os_sem.o      #
#                    C:\BookSrc_CM3_IAR\Software\EvalBoards\ST\MANGO-Z1\IAR\O #
#                    S-Probe\Flash\Obj\os_task.o                              #
#                    C:\BookSrc_CM3_IAR\Software\EvalBoards\ST\MANGO-Z1\IAR\O #
#                    S-Probe\Flash\Obj\os_time.o                              #
#                    C:\BookSrc_CM3_IAR\Software\EvalBoards\ST\MANGO-Z1\IAR\O #
#                    S-Probe\Flash\Obj\os_tmr.o C:\BookSrc_CM3_IAR\Software\E #
#                    valBoards\ST\MANGO-Z1\IAR\OS-Probe\Flash\Obj\probe_com.o #
#                     C:\BookSrc_CM3_IAR\Software\EvalBoards\ST\MANGO-Z1\IAR\ #
#                    OS-Probe\Flash\Obj\probe_com_os.o                        #
#                    C:\BookSrc_CM3_IAR\Software\EvalBoards\ST\MANGO-Z1\IAR\O #
#                    S-Probe\Flash\Obj\probe_rs232.o                          #
#                    C:\BookSrc_CM3_IAR\Software\EvalBoards\ST\MANGO-Z1\IAR\O #
#                    S-Probe\Flash\Obj\probe_rs232_os.o                       #
#                    C:\BookSrc_CM3_IAR\Software\EvalBoards\ST\MANGO-Z1\IAR\O #
#                    S-Probe\Flash\Obj\probe_rs232c.o                         #
#                    C:\BookSrc_CM3_IAR\Software\EvalBoards\ST\MANGO-Z1\IAR\O #
#                    S-Probe\Flash\Obj\stm32f10x_adc.o                        #
#                    C:\BookSrc_CM3_IAR\Software\EvalBoards\ST\MANGO-Z1\IAR\O #
#                    S-Probe\Flash\Obj\stm32f10x_bkp.o                        #
#                    C:\BookSrc_CM3_IAR\Software\EvalBoards\ST\MANGO-Z1\IAR\O #
#                    S-Probe\Flash\Obj\stm32f10x_exti.o                       #
#                    C:\BookSrc_CM3_IAR\Software\EvalBoards\ST\MANGO-Z1\IAR\O #
#                    S-Probe\Flash\Obj\stm32f10x_flash.o                      #
#                    C:\BookSrc_CM3_IAR\Software\EvalBoards\ST\MANGO-Z1\IAR\O #
#                    S-Probe\Flash\Obj\stm32f10x_gpio.o                       #
#                    C:\BookSrc_CM3_IAR\Software\EvalBoards\ST\MANGO-Z1\IAR\O #
#                    S-Probe\Flash\Obj\stm32f10x_i2c.o                        #
#                    C:\BookSrc_CM3_IAR\Software\EvalBoards\ST\MANGO-Z1\IAR\O #
#                    S-Probe\Flash\Obj\stm32f10x_lib.o                        #
#                    C:\BookSrc_CM3_IAR\Software\EvalBoards\ST\MANGO-Z1\IAR\O #
#                    S-Probe\Flash\Obj\stm32f10x_nvic.o                       #
#                    C:\BookSrc_CM3_IAR\Software\EvalBoards\ST\MANGO-Z1\IAR\O #
#                    S-Probe\Flash\Obj\stm32f10x_pwr.o                        #
#                    C:\BookSrc_CM3_IAR\Software\EvalBoards\ST\MANGO-Z1\IAR\O #
#                    S-Probe\Flash\Obj\stm32f10x_rcc.o                        #
#                    C:\BookSrc_CM3_IAR\Software\EvalBoards\ST\MANGO-Z1\IAR\O #
#                    S-Probe\Flash\Obj\stm32f10x_rtc.o                        #
#                    C:\BookSrc_CM3_IAR\Software\EvalBoards\ST\MANGO-Z1\IAR\O #
#                    S-Probe\Flash\Obj\stm32f10x_spi.o                        #
#                    C:\BookSrc_CM3_IAR\Software\EvalBoards\ST\MANGO-Z1\IAR\O #
#                    S-Probe\Flash\Obj\stm32f10x_systick.o                    #
#                    C:\BookSrc_CM3_IAR\Software\EvalBoards\ST\MANGO-Z1\IAR\O #
#                    S-Probe\Flash\Obj\stm32f10x_tim.o                        #
#                    C:\BookSrc_CM3_IAR\Software\EvalBoards\ST\MANGO-Z1\IAR\O #
#                    S-Probe\Flash\Obj\stm32f10x_usart.o --redirect           #
#                    _Printf=_PrintfFull --redirect _Scanf=_ScanfFull -o      #
#                    C:\BookSrc_CM3_IAR\Software\EvalBoards\ST\MANGO-Z1\IAR\O #
#                    S-Probe\Flash\Exe\MANGO-Z1.out --map                     #
#                    C:\BookSrc_CM3_IAR\Software\EvalBoards\ST\MANGO-Z1\IAR\O #
#                    S-Probe\Flash\List\MANGO-Z1.map --config                 #
#                    C:\BookSrc_CM3_IAR\Software\EvalBoards\ST\MANGO-Z1\IAR\O #
#                    S-Probe\..\BSP\STM32_Flash.icf --semihosting --entry     #
#                    __iar_program_start --vfe                                #
#                                                                             #
#                                                                             #
###############################################################################

*******************************************************************************
*** RUNTIME MODEL ATTRIBUTES
***

CppFlavor       = *
__SystemLibrary = DLib


*******************************************************************************
*** PLACEMENT SUMMARY
***

"A1":  place at start of [0x08000000-0x0801ffff] { ro section .intvec };
"P1":  place in [from 0x08000000 to 0x0801ffff] { ro };
"P2":  place in [from 0x20000000 to 0x20004fff] { rw, block HEAP, block CSTACK };

  Section          Kind        Address    Size  Object
  -------          ----        -------    ----  ------
"A1":                                     0xec
  .intvec          const    0x08000000    0xec  app_vect_v5.o [1]
                          - 0x080000ec    0xec

"P1":                                   0x34fc
  .text            ro code  0x080000ec   0xcf6  xprintffull.o [3]
  .text            ro code  0x08000de2    0x22  zero_init3.o [5]
  .text            ro code  0x08000e04    0x16  strchr.o [5]
  .text            ro code  0x08000e1a     0xa  xsprout.o [3]
  .text            ro code  0x08000e24    0x36  strlen.o [5]
  .rodata          const    0x08000e5a     0x2  os_dbg.o [1]
  .text            ro code  0x08000e5c    0x58  memchr.o [5]
  .text            ro code  0x08000eb4    0xee  I64DivMod.o [5]
  .rodata          const    0x08000fa2     0x2  os_dbg.o [1]
  .text            ro code  0x08000fa4    0x76  ABImemcpy.o [5]
  .text            ro code  0x0800101a    0x42  xdnorm.o [4]
  .text            ro code  0x0800105c    0x2e  DblCmpLe.o [4]
  .rodata          const    0x0800108a     0x2  os_dbg.o [1]
  .text            ro code  0x0800108c    0x2e  DblCmpGe.o [4]
  .rodata          const    0x080010ba     0x2  os_dbg.o [1]
  .text            ro code  0x080010bc   0x10c  xdscale.o [4]
  .text            ro code  0x080011c8    0x58  DblToI32.o [4]
  .text            ro code  0x08001220    0x30  I32ToDbl.o [4]
  .text            ro code  0x08001250   0x180  DblSub.o [4]
  .text            ro code  0x080013d0   0x1a2  DblMul.o [4]
  .rodata          const    0x08001572     0x2  os_dbg.o [1]
  .text            ro code  0x08001574   0x246  DblDiv.o [4]
  .text            ro code  0x080017ba     0xe  div.o [3]
  .text            ro code  0x080017c8     0x2  I64DivZer.o [5]
  .rodata          const    0x080017ca     0x2  os_dbg.o [1]
  .text            ro code  0x080017cc    0xd4  DblAdd.o [4]
  .text            ro code  0x080018a0   0x75c  os_core.o [1]
  .text            ro code  0x08001ffc   0x114  os_cpu_c.o [1]
  .text            ro code  0x08002110    0x50  os_flag.o [1]
  .text            ro code  0x08002160   0x168  os_dbg.o [1]
  CODE             ro code  0x080022c8    0xa0  os_cpu_a.o [1]
  .text            ro code  0x08002368    0xd8  os_time.o [1]
  .text            ro code  0x08002440   0x2b8  os_task.o [1]
  .text            ro code  0x080026f8   0x31a  app.o [1]
  .rodata          const    0x08002a12     0x2  os_dbg.o [1]
  .text            ro code  0x08002a14   0x1c8  bsp.o [1]
  .text            ro code  0x08002bdc    0xb8  stm32f10x_usart.o [1]
  .text            ro code  0x08002c94   0x2dc  stm32f10x_rcc.o [1]
  .text            ro code  0x08002f70    0xda  stm32f10x_gpio.o [1]
  .rodata          const    0x0800304a     0x2  os_dbg.o [1]
  .text            ro code  0x0800304c   0x1f0  bsp_int.o [1]
  .text            ro code  0x0800323c    0x34  sprintf.o [3]
  .text            ro code  0x08003270    0x80  os_probe.o [1]
  .text            ro code  0x080032f0    0x34  stm32f10x_flash.o [1]
  .text            ro code  0x08003324     0x4  stm32f10x_tim.o [1]
  CODE             ro code  0x08003328    0x2a  cpu_a.o [1]
  .rodata          const    0x08003352     0x2  os_dbg.o [1]
  .rodata          const    0x08003354   0x100  os_core.o [1]
  .text            ro code  0x08003454    0x28  data_init.o [5]
  .iar.init_table  const    0x0800347c    0x10  - Linker created -
  .rodata          const    0x0800348c    0x20  app.o [1]
  .rodata          const    0x080034ac    0x18  app.o [1]
  .rodata          const    0x080034c4    0x18  app.o [1]
  .text            ro code  0x080034dc    0x16  cmain.o [5]
  .text            ro code  0x080034f2     0x4  low_level_init.o [3]
  .text            ro code  0x080034f6     0x4  exit.o [3]
  .rodata          const    0x080034fa     0x2  os_dbg.o [1]
  .text            ro code  0x080034fc     0xa  cexit.o [5]
  .rodata          const    0x08003506     0x2  os_dbg.o [1]
  .text            ro code  0x08003508    0x14  exit.o [6]
  .rodata          const    0x0800351c    0x14  app.o [1]
  .rodata          const    0x08003530    0x10  os_core.o [1]
  .rodata          const    0x08003540    0x10  os_core.o [1]
  .rodata          const    0x08003550    0x10  stm32f10x_rcc.o [1]
  .rodata          const    0x08003560     0xc  app.o [1]
  .text            ro code  0x0800356c     0xc  app_vect_v5.o [1]
  .text            ro code  0x08003578     0xc  cstartup_M.o [5]
  .rodata          const    0x08003584     0x8  app.o [1]
  .rodata          const    0x0800358c     0x8  app.o [1]
  .rodata          const    0x08003594     0x8  app.o [1]
  .rodata          const    0x0800359c     0x4  os_dbg.o [1]
  .rodata          const    0x080035a0     0x4  stm32f10x_rcc.o [1]
  .rodata          const    0x080035a4     0x2  os_dbg.o [1]
  .rodata          const    0x080035a6     0x2  os_dbg.o [1]
  .rodata          const    0x080035a8     0x2  os_dbg.o [1]
  .rodata          const    0x080035aa     0x2  os_dbg.o [1]
  .rodata          const    0x080035ac     0x2  os_dbg.o [1]
  .rodata          const    0x080035ae     0x2  os_dbg.o [1]
  .rodata          const    0x080035b0     0x2  os_dbg.o [1]
  .rodata          const    0x080035b2     0x2  os_dbg.o [1]
  .rodata          const    0x080035b4     0x2  os_dbg.o [1]
  .rodata          const    0x080035b6     0x2  os_dbg.o [1]
  .rodata          const    0x080035b8     0x2  os_dbg.o [1]
  .rodata          const    0x080035ba     0x2  os_dbg.o [1]
  .rodata          const    0x080035bc     0x2  os_dbg.o [1]
  .rodata          const    0x080035be     0x2  os_dbg.o [1]
  .rodata          const    0x080035c0     0x2  os_dbg.o [1]
  .rodata          const    0x080035c2     0x2  os_dbg.o [1]
  .rodata          const    0x080035c4     0x2  os_dbg.o [1]
  .rodata          const    0x080035c6     0x2  os_dbg.o [1]
  .rodata          const    0x080035c8     0x2  os_dbg.o [1]
  .rodata          const    0x080035ca     0x2  os_dbg.o [1]
  .rodata          const    0x080035cc     0x2  os_dbg.o [1]
  .rodata          const    0x080035ce     0x2  os_dbg.o [1]
  .rodata          const    0x080035d0     0x2  os_dbg.o [1]
  .rodata          const    0x080035d2     0x2  os_dbg.o [1]
  .rodata          const    0x080035d4     0x2  os_dbg.o [1]
  .rodata          const    0x080035d6     0x2  os_dbg.o [1]
  .rodata          const    0x080035d8     0x2  os_dbg.o [1]
  .rodata          const    0x080035da     0x2  os_dbg.o [1]
  .rodata          const    0x080035dc     0x2  os_dbg.o [1]
  .rodata          const    0x080035de     0x2  os_dbg.o [1]
  .rodata          const    0x080035e0     0x2  os_dbg.o [1]
  .rodata          const    0x080035e2     0x2  os_dbg.o [1]
  .rodata          const    0x080035e4     0x2  os_dbg.o [1]
  .rodata          const    0x080035e6     0x0  zero_init3.o [5]
                          - 0x080035e6  0x34fa

"P2", part 1 of 2:                      0x1720
  .bss             zero     0x20000000   0x7e8  os_core.o [1]
  .bss             zero     0x200007e8   0x200  app.o [1]
  .bss             zero     0x200009e8   0x200  app.o [1]
  .bss             zero     0x20000be8   0x200  app.o [1]
  .bss             zero     0x20000de8   0x200  app.o [1]
  .bss             zero     0x20000fe8   0x200  os_core.o [1]
  .bss             zero     0x200011e8   0x200  os_core.o [1]
  .bss             zero     0x200013e8   0x140  os_core.o [1]
  .bss             zero     0x20001528    0xa8  bsp_int.o [1]
  .bss             zero     0x200015d0    0x8c  os_core.o [1]
  .bss             zero     0x2000165c    0x80  os_core.o [1]
  .bss             zero     0x200016dc     0x4  os_core.o [1]
  .bss             zero     0x200016e0     0x4  os_core.o [1]
  .bss             zero     0x200016e4     0x4  os_core.o [1]
  .bss             zero     0x200016e8     0x4  os_core.o [1]
  .bss             zero     0x200016ec     0x4  os_core.o [1]
  .bss             zero     0x200016f0     0x4  os_core.o [1]
  .bss             zero     0x200016f4     0x4  os_core.o [1]
  .bss             zero     0x200016f8     0x4  os_core.o [1]
  .bss             zero     0x200016fc     0x4  os_core.o [1]
  .bss             zero     0x20001700     0x4  os_core.o [1]
  .bss             zero     0x20001704     0x4  os_core.o [1]
  .bss             zero     0x20001708     0x4  os_core.o [1]
  .bss             zero     0x2000170c     0x4  os_probe.o [1]
  .bss             zero     0x20001710     0x2  os_probe.o [1]
  .bss             zero     0x20001712     0x1  os_core.o [1]
  .bss             zero     0x20001713     0x1  os_core.o [1]
  .bss             zero     0x20001714     0x1  os_core.o [1]
  .bss             zero     0x20001715     0x1  os_core.o [1]
  .bss             zero     0x20001716     0x1  os_core.o [1]
  .bss             zero     0x20001717     0x1  os_core.o [1]
  .bss             zero     0x20001718     0x1  os_core.o [1]
  .bss             zero     0x20001719     0x1  os_core.o [1]
  .bss             zero     0x2000171a     0x1  os_core.o [1]
  .bss             zero     0x2000171b     0x1  os_core.o [1]
                          - 0x2000171c  0x171c

"P2", part 2 of 2:                       0x100
  CSTACK                    0x20001720   0x100  <Block>
    CSTACK         uninit   0x20001720   0x100  <Block tail>
                          - 0x20001820   0x100


*******************************************************************************
*** INIT TABLE
***

          Address     Size
          -------     ----
Zero (__iar_zero_init3)
    1 destination range, total size 0x171c:
          0x20000000  0x171c



*******************************************************************************
*** MODULE SUMMARY
***

    Module             ro code  ro data  rw data
    ------             -------  -------  -------
C:\BookSrc_CM3_IAR\Software\EvalBoards\ST\MANGO-Z1\IAR\OS-Probe\Flash\Obj: [1]
    app.o                  794      136    2 048
    app_vect_v5.o           12      236
    bsp.o                  456
    bsp_int.o              496               168
    cpu_a.o                 42
    os_core.o            1 884      288    3 694
    os_cpu_a.o             160
    os_cpu_c.o             276
    os_dbg.o               360       92
    os_flag.o               80
    os_probe.o             128                 6
    os_task.o              696
    os_time.o              216
    stm32f10x_flash.o       52
    stm32f10x_gpio.o       218
    stm32f10x_rcc.o        732       20
    stm32f10x_tim.o          4
    stm32f10x_usart.o      184
    --------------------------------------------
    Total:               6 790      772    5 916

command line: [2]
    --------------------------------------------
    Total:

dl7M_tln.a: [3]
    div.o                   14
    exit.o                   4
    low_level_init.o         4
    sprintf.o               52
    xprintffull.o        3 318
    xsprout.o               10
    --------------------------------------------
    Total:               3 402

m7M_tl.a: [4]
    DblAdd.o               212
    DblCmpGe.o              46
    DblCmpLe.o              46
    DblDiv.o               582
    DblMul.o               418
    DblSub.o               384
    DblToI32.o              88
    I32ToDbl.o              48
    xdnorm.o                66
    xdscale.o              268
    --------------------------------------------
    Total:               2 158

rt7M_tl.a: [5]
    ABImemcpy.o            118
    I64DivMod.o            238
    I64DivZer.o              2
    cexit.o                 10
    cmain.o                 22
    cstartup_M.o            12
    data_init.o             40
    memchr.o                88
    strchr.o                22
    strlen.o                54
    zero_init3.o            34
    --------------------------------------------
    Total:                 640

shb_l.a: [6]
    exit.o                  20
    --------------------------------------------
    Total:                  20

    Linker created                   16      256
------------------------------------------------
    Grand Total:        13 010      788    6 172


*******************************************************************************
*** ENTRY LIST
***

Entry                      Address   Size  Type      Object
-----                      -------   ----  ----      ------
?main                   0x080034dd         Code  Gb  cmain.o [5]
ADCPrescTable           0x080035a0    0x4  Data  Lc  stm32f10x_rcc.o [1]
APBAHBPrescTable        0x08003550   0x10  Data  Lc  stm32f10x_rcc.o [1]
App_BusFault_ISR        0x08003571    0x2  Code  Lc  app_vect_v5.o [1]
App_Fault_ISR           0x0800356f    0x2  Code  Lc  app_vect_v5.o [1]
App_LED1_Task           0x080027f7   0x36  Code  Lc  app.o [1]
App_LED2_Task           0x0800282d   0x36  Code  Lc  app.o [1]
App_LED3_Task           0x08002863   0x38  Code  Lc  app.o [1]
App_MemFault_ISR        0x08003575    0x2  Code  Lc  app_vect_v5.o [1]
App_NMI_ISR             0x0800356d    0x2  Code  Lc  app_vect_v5.o [1]
App_Spurious_ISR        0x08003577    0x2  Code  Lc  app_vect_v5.o [1]
App_TCBInitHook         0x08002a09    0x2  Code  Gb  app.o [1]
App_TaskCreateHook      0x080029f5    0x8  Code  Gb  app.o [1]
App_TaskIdleHook        0x080029fd    0x2  Code  Gb  app.o [1]
App_TaskStart           0x0800289d   0xfe  Code  Lc  app.o [1]
App_TaskStartStk        0x200007e8  0x200  Data  Lc  app.o [1]
App_TaskStatHook        0x080029ff    0x2  Code  Gb  app.o [1]
App_TaskSwHook          0x08002a01    0x8  Code  Gb  app.o [1]
App_Task_LED1_Stack     0x200009e8  0x200  Data  Lc  app.o [1]
App_Task_LED2_Stack     0x20000be8  0x200  Data  Lc  app.o [1]
App_Task_LED3_Stack     0x20000de8  0x200  Data  Lc  app.o [1]
App_TimeTickHook        0x08002a0b    0x8  Code  Gb  app.o [1]
App_UsageFault_ISR      0x08003573    0x2  Code  Lc  app_vect_v5.o [1]
BSP_CPU_ClkFreq         0x08002a7f   0x10  Code  Gb  bsp.o [1]
BSP_Init                0x08002a15   0x6a  Code  Gb  bsp.o [1]
BSP_IntDisAll           0x0800304d    0x8  Code  Gb  bsp_int.o [1]
BSP_IntHandler          0x08003203   0x2e  Code  Lc  bsp_int.o [1]
BSP_IntHandlerADC1_2    0x08003109    0xa  Code  Gb  bsp_int.o [1]
BSP_IntHandlerCAN_RX1   0x08003127    0xa  Code  Gb  bsp_int.o [1]
BSP_IntHandlerCAN_SCE   0x08003131    0xa  Code  Gb  bsp_int.o [1]
BSP_IntHandlerDMA1_CH1  0x080030c3    0xa  Code  Gb  bsp_int.o [1]
BSP_IntHandlerDMA1_CH2  0x080030cd    0xa  Code  Gb  bsp_int.o [1]
BSP_IntHandlerDMA1_CH3  0x080030d7    0xa  Code  Gb  bsp_int.o [1]
BSP_IntHandlerDMA1_CH4  0x080030e1    0xa  Code  Gb  bsp_int.o [1]
BSP_IntHandlerDMA1_CH5  0x080030eb    0xa  Code  Gb  bsp_int.o [1]
BSP_IntHandlerDMA1_CH6  0x080030f5    0xa  Code  Gb  bsp_int.o [1]
BSP_IntHandlerDMA1_CH7  0x080030ff    0xa  Code  Gb  bsp_int.o [1]
BSP_IntHandlerEXTI0     0x08003091    0xa  Code  Gb  bsp_int.o [1]
BSP_IntHandlerEXTI1     0x0800309b    0xa  Code  Gb  bsp_int.o [1]
BSP_IntHandlerEXTI15_10
                        0x080031e5    0xa  Code  Gb  bsp_int.o [1]
BSP_IntHandlerEXTI2     0x080030a5    0xa  Code  Gb  bsp_int.o [1]
BSP_IntHandlerEXTI3     0x080030af    0xa  Code  Gb  bsp_int.o [1]
BSP_IntHandlerEXTI4     0x080030b9    0xa  Code  Gb  bsp_int.o [1]
BSP_IntHandlerEXTI9_5   0x0800313b    0xa  Code  Gb  bsp_int.o [1]
BSP_IntHandlerFLASH     0x0800307d    0xa  Code  Gb  bsp_int.o [1]
BSP_IntHandlerI2C1_ER   0x08003195    0xa  Code  Gb  bsp_int.o [1]
BSP_IntHandlerI2C1_EV   0x0800318b    0xa  Code  Gb  bsp_int.o [1]
BSP_IntHandlerI2C2_ER   0x080031a9    0xa  Code  Gb  bsp_int.o [1]
BSP_IntHandlerI2C2_EV   0x0800319f    0xa  Code  Gb  bsp_int.o [1]
BSP_IntHandlerPVD       0x0800305f    0xa  Code  Gb  bsp_int.o [1]
BSP_IntHandlerRCC       0x08003087    0xa  Code  Gb  bsp_int.o [1]
BSP_IntHandlerRTC       0x08003073    0xa  Code  Gb  bsp_int.o [1]
BSP_IntHandlerRTCAlarm  0x080031ef    0xa  Code  Gb  bsp_int.o [1]
BSP_IntHandlerSPI1      0x080031b3    0xa  Code  Gb  bsp_int.o [1]
BSP_IntHandlerSPI2      0x080031bd    0xa  Code  Gb  bsp_int.o [1]
BSP_IntHandlerTAMPER    0x08003069    0xa  Code  Gb  bsp_int.o [1]
BSP_IntHandlerTIM1_BRK  0x08003145    0xa  Code  Gb  bsp_int.o [1]
BSP_IntHandlerTIM1_CC   0x08003163    0xa  Code  Gb  bsp_int.o [1]
BSP_IntHandlerTIM1_TRG_COM
                        0x08003159    0xa  Code  Gb  bsp_int.o [1]
BSP_IntHandlerTIM1_UP   0x0800314f    0xa  Code  Gb  bsp_int.o [1]
BSP_IntHandlerTIM2      0x0800316d    0xa  Code  Gb  bsp_int.o [1]
BSP_IntHandlerTIM3      0x08003177    0xa  Code  Gb  bsp_int.o [1]
BSP_IntHandlerTIM4      0x08003181    0xa  Code  Gb  bsp_int.o [1]
BSP_IntHandlerUSART1    0x080031c7    0xa  Code  Gb  bsp_int.o [1]
BSP_IntHandlerUSART2    0x080031d1    0xa  Code  Gb  bsp_int.o [1]
BSP_IntHandlerUSART3    0x080031db    0xa  Code  Gb  bsp_int.o [1]
BSP_IntHandlerUSBWakeUp
                        0x080031f9    0xa  Code  Gb  bsp_int.o [1]
BSP_IntHandlerUSB_HP_CAN_TX
                        0x08003113    0xa  Code  Gb  bsp_int.o [1]
BSP_IntHandlerUSB_LP_CAN_RX0
                        0x0800311d    0xa  Code  Gb  bsp_int.o [1]
BSP_IntHandlerWWDG      0x08003055    0xa  Code  Gb  bsp_int.o [1]
BSP_IntVectTbl          0x20001528   0xa8  Data  Lc  bsp_int.o [1]
BSP_LED_Init            0x08002a97   0x28  Code  Lc  bsp.o [1]
BSP_LED_Off             0x08002b03   0x44  Code  Gb  bsp.o [1]
BSP_LED_On              0x08002abf   0x44  Code  Gb  bsp.o [1]
BSP_LED_Toggle          0x08002b47   0x82  Code  Gb  bsp.o [1]
CPU_CntLeadZeros        0x0800333f         Code  Gb  cpu_a.o [1]
CPU_IntDis              0x08003329         Code  Gb  cpu_a.o [1]
CPU_IntEn               0x0800332d         Code  Gb  cpu_a.o [1]
CPU_RevBits             0x08003345         Code  Gb  cpu_a.o [1]
CPU_SR_Restore          0x08003339         Code  Gb  cpu_a.o [1]
CPU_SR_Save             0x08003331         Code  Gb  cpu_a.o [1]
CPU_WaitForExcept       0x0800334f         Code  Gb  cpu_a.o [1]
CPU_WaitForInt          0x0800334b         Code  Gb  cpu_a.o [1]
CSTACK$$Base            0x20001720          --   Gb  - Linker created -
CSTACK$$Limit           0x20001820          --   Gb  - Linker created -
FLASH_PrefetchBufferCmd
                        0x08003309   0x18  Code  Gb  stm32f10x_flash.o [1]
FLASH_SetLatency        0x080032f1   0x18  Code  Gb  stm32f10x_flash.o [1]
GPIO_Configuration      0x08002769   0x48  Code  Gb  app.o [1]
GPIO_Init               0x08002f71   0xc8  Code  Gb  stm32f10x_gpio.o [1]
GPIO_ReadOutputData     0x08003039    0x6  Code  Gb  stm32f10x_gpio.o [1]
GPIO_ResetBits          0x08003045    0x6  Code  Gb  stm32f10x_gpio.o [1]
GPIO_SetBits            0x0800303f    0x6  Code  Gb  stm32f10x_gpio.o [1]
OSCPUUsage              0x20001712    0x1  Data  Gb  os_core.o [1]
OSCtxSw                 0x080022f3         Code  Gb  os_cpu_a.o [1]
OSCtxSwCtr              0x200016dc    0x4  Data  Gb  os_core.o [1]
OSDataSize              0x080035e4    0x2  Data  Gb  os_dbg.o [1]
OSDebugEn               0x08000e5a    0x2  Data  Gb  os_dbg.o [1]
OSDebugInit             0x08002161  0x168  Code  Gb  os_dbg.o [1]
OSEndiannessTest        0x0800359c    0x4  Data  Gb  os_dbg.o [1]
OSEventEn               0x080010ba    0x2  Data  Gb  os_dbg.o [1]
OSEventFreeList         0x200016e0    0x4  Data  Gb  os_core.o [1]
OSEventMax              0x08000fa2    0x2  Data  Gb  os_dbg.o [1]
OSEventNameSize         0x0800108a    0x2  Data  Gb  os_dbg.o [1]
OSEventSize             0x08001572    0x2  Data  Gb  os_dbg.o [1]
OSEventTbl              0x200013e8  0x140  Data  Gb  os_core.o [1]
OSEventTblSize          0x080017ca    0x2  Data  Gb  os_dbg.o [1]
OSFlagEn                0x08002a12    0x2  Data  Gb  os_dbg.o [1]
OSFlagFreeList          0x200016e4    0x4  Data  Gb  os_core.o [1]
OSFlagGrpSize           0x0800304a    0x2  Data  Gb  os_dbg.o [1]
OSFlagMax               0x08003506    0x2  Data  Gb  os_dbg.o [1]
OSFlagNameSize          0x080035a4    0x2  Data  Gb  os_dbg.o [1]
OSFlagNodeSize          0x08003352    0x2  Data  Gb  os_dbg.o [1]
OSFlagTbl               0x200015d0   0x8c  Data  Gb  os_core.o [1]
OSFlagWidth             0x080034fa    0x2  Data  Gb  os_dbg.o [1]
OSIdleCtr               0x200016f4    0x4  Data  Gb  os_core.o [1]
OSIdleCtrMax            0x200016e8    0x4  Data  Gb  os_core.o [1]
OSIdleCtrRun            0x200016ec    0x4  Data  Gb  os_core.o [1]
OSInit                  0x080018a1   0x2c  Code  Gb  os_core.o [1]
OSInitHookBegin         0x08001ffd    0x2  Code  Gb  os_cpu_c.o [1]
OSInitHookEnd           0x08001fff    0x2  Code  Gb  os_cpu_c.o [1]
OSIntCtxSw              0x080022fb         Code  Gb  os_cpu_a.o [1]
OSIntExit               0x080018cd   0x94  Code  Gb  os_core.o [1]
OSIntNesting            0x20001714    0x1  Data  Gb  os_core.o [1]
OSLockNesting           0x20001715    0x1  Data  Gb  os_core.o [1]
OSLowestPrio            0x080035a6    0x2  Data  Gb  os_dbg.o [1]
OSMboxEn                0x080035a8    0x2  Data  Gb  os_dbg.o [1]
OSMemEn                 0x080035aa    0x2  Data  Gb  os_dbg.o [1]
OSMemMax                0x080035ac    0x2  Data  Gb  os_dbg.o [1]
OSMemNameSize           0x080035ae    0x2  Data  Gb  os_dbg.o [1]
OSMemSize               0x080035b0    0x2  Data  Gb  os_dbg.o [1]
OSMemTblSize            0x080035b2    0x2  Data  Gb  os_dbg.o [1]
OSMutexEn               0x080035b4    0x2  Data  Gb  os_dbg.o [1]
OSPrioCur               0x20001716    0x1  Data  Gb  os_core.o [1]
OSPrioHighRdy           0x20001717    0x1  Data  Gb  os_core.o [1]
OSProbe_CyclesCtr       0x2000170c    0x4  Data  Gb  os_probe.o [1]
OSProbe_TaskCreateHook  0x080032a3   0x10  Code  Gb  os_probe.o [1]
OSProbe_TaskSwHook      0x080032b3   0x24  Code  Gb  os_probe.o [1]
OSProbe_TickHook        0x080032d7    0x8  Code  Gb  os_probe.o [1]
OSProbe_TimeGetCycles   0x08003271   0x32  Code  Gb  os_probe.o [1]
OSProbe_TmrCntsPrev     0x20001710    0x2  Data  Gb  os_probe.o [1]
OSProbe_TmrRd           0x08002bd1    0xc  Code  Gb  bsp.o [1]
OSPtrSize               0x080035b6    0x2  Data  Gb  os_dbg.o [1]
OSQEn                   0x080035b8    0x2  Data  Gb  os_dbg.o [1]
OSQMax                  0x080035ba    0x2  Data  Gb  os_dbg.o [1]
OSQSize                 0x080035bc    0x2  Data  Gb  os_dbg.o [1]
OSRdyGrp                0x20001718    0x1  Data  Gb  os_core.o [1]
OSRdyTbl                0x200016f0    0x4  Data  Gb  os_core.o [1]
OSRdyTblSize            0x080035be    0x2  Data  Gb  os_dbg.o [1]
OSRunning               0x20001719    0x1  Data  Gb  os_core.o [1]
OSSemEn                 0x080035c0    0x2  Data  Gb  os_dbg.o [1]
OSStart                 0x08001961   0x42  Code  Gb  os_core.o [1]
OSStartHighRdy          0x080022d7         Code  Gb  os_cpu_a.o [1]
OSStatInit              0x080019a3   0x46  Code  Gb  os_core.o [1]
OSStatRdy               0x20001713    0x1  Data  Gb  os_core.o [1]
OSStkWidth              0x080035c2    0x2  Data  Gb  os_dbg.o [1]
OSTCBCur                0x200016f8    0x4  Data  Gb  os_core.o [1]
OSTCBFreeList           0x200016fc    0x4  Data  Gb  os_core.o [1]
OSTCBHighRdy            0x20001700    0x4  Data  Gb  os_core.o [1]
OSTCBInitHook           0x0800209d    0x8  Code  Gb  os_cpu_c.o [1]
OSTCBList               0x20001704    0x4  Data  Gb  os_core.o [1]
OSTCBPrioTbl            0x2000165c   0x80  Data  Gb  os_core.o [1]
OSTCBPrioTblMax         0x080035da    0x2  Data  Gb  os_dbg.o [1]
OSTCBSize               0x080035dc    0x2  Data  Gb  os_dbg.o [1]
OSTCBTbl                0x20000000  0x7e8  Data  Gb  os_core.o [1]
OSTaskCreateEn          0x080035c4    0x2  Data  Gb  os_dbg.o [1]
OSTaskCreateExt         0x08002441   0xd8  Code  Gb  os_task.o [1]
OSTaskCreateExtEn       0x080035c6    0x2  Data  Gb  os_dbg.o [1]
OSTaskCreateHook        0x08002001    0x8  Code  Gb  os_cpu_c.o [1]
OSTaskCtr               0x2000171a    0x1  Data  Gb  os_core.o [1]
OSTaskDelEn             0x080035c8    0x2  Data  Gb  os_dbg.o [1]
OSTaskIdleHook          0x08002009    0x8  Code  Gb  os_cpu_c.o [1]
OSTaskIdleStk           0x200011e8  0x200  Data  Gb  os_core.o [1]
OSTaskIdleStkSize       0x080035ca    0x2  Data  Gb  os_dbg.o [1]
OSTaskMax               0x080035ce    0x2  Data  Gb  os_dbg.o [1]
OSTaskNameSet           0x08002519   0x84  Code  Gb  os_task.o [1]
OSTaskNameSize          0x080035d0    0x2  Data  Gb  os_dbg.o [1]
OSTaskProfileEn         0x080035cc    0x2  Data  Gb  os_dbg.o [1]
OSTaskStatEn            0x080035d2    0x2  Data  Gb  os_dbg.o [1]
OSTaskStatHook          0x08002011    0x8  Code  Gb  os_cpu_c.o [1]
OSTaskStatStk           0x20000fe8  0x200  Data  Gb  os_core.o [1]
OSTaskStatStkChkEn      0x080035d6    0x2  Data  Gb  os_dbg.o [1]
OSTaskStatStkSize       0x080035d4    0x2  Data  Gb  os_dbg.o [1]
OSTaskStkChk            0x0800259d   0x88  Code  Gb  os_task.o [1]
OSTaskStkInit           0x08002019   0x7c  Code  Gb  os_cpu_c.o [1]
OSTaskSuspend           0x08002625   0xa4  Code  Gb  os_task.o [1]
OSTaskSwHook            0x08002095    0x8  Code  Gb  os_cpu_c.o [1]
OSTaskSwHookEn          0x080035d8    0x2  Data  Gb  os_dbg.o [1]
OSTickStepState         0x2000171b    0x1  Data  Gb  os_core.o [1]
OSTicksPerSec           0x080035de    0x2  Data  Gb  os_dbg.o [1]
OSTime                  0x20001708    0x4  Data  Gb  os_core.o [1]
OSTimeDly               0x08002369   0x62  Code  Gb  os_time.o [1]
OSTimeDlyHMSM           0x080023cb   0x64  Code  Gb  os_time.o [1]
OSTimeTick              0x080019e9   0xec  Code  Gb  os_core.o [1]
OSTimeTickHook          0x080020a5    0x8  Code  Gb  os_cpu_c.o [1]
OSTimeTickHookEn        0x080035e0    0x2  Data  Gb  os_dbg.o [1]
OSUnMapTbl              0x08003354  0x100  Data  Gb  os_core.o [1]
OSVersionNbr            0x080035e2    0x2  Data  Gb  os_dbg.o [1]
OS_CPU_PendSVHandler    0x08002303         Code  Gb  os_cpu_a.o [1]
OS_CPU_SR_Restore       0x080022d1         Code  Gb  os_cpu_a.o [1]
OS_CPU_SR_Save          0x080022c9         Code  Gb  os_cpu_a.o [1]
OS_CPU_SysTickClkFreq   0x08002a8f    0x8  Code  Gb  bsp.o [1]
OS_CPU_SysTickHandler   0x080020ad   0x1e  Code  Gb  os_cpu_c.o [1]
OS_CPU_SysTickInit      0x080020cb   0x34  Code  Gb  os_cpu_c.o [1]
OS_FlagInit             0x08002111   0x44  Code  Gb  os_flag.o [1]
OS_InitEventList        0x08001ad5   0x50  Code  Lc  os_core.o [1]
OS_InitMisc             0x08001b25   0x4e  Code  Lc  os_core.o [1]
OS_InitRdyList          0x08001b73   0x40  Code  Lc  os_core.o [1]
OS_InitTCBList          0x08001c2f   0x60  Code  Lc  os_core.o [1]
OS_InitTaskIdle         0x08001bb3   0x3e  Code  Lc  os_core.o [1]
OS_InitTaskStat         0x08001bf1   0x3e  Code  Lc  os_core.o [1]
OS_MemClr               0x08001c8f   0x12  Code  Gb  os_core.o [1]
OS_Sched                0x08001ca1   0x5c  Code  Gb  os_core.o [1]
OS_SchedNew             0x08001cfd   0x20  Code  Lc  os_core.o [1]
OS_StrCopy              0x08001d1d   0x1e  Code  Gb  os_core.o [1]
OS_StrLen               0x08001d3b   0x14  Code  Gb  os_core.o [1]
OS_TCBInit              0x08001e25  0x15c  Code  Gb  os_core.o [1]
OS_TaskIdle             0x08001d51   0x1c  Code  Gb  os_core.o [1]
OS_TaskStat             0x08001d6d   0x70  Code  Gb  os_core.o [1]
OS_TaskStatStkChk       0x08001ddd   0x3e  Code  Gb  os_core.o [1]
OS_TaskStkClr           0x080026e1   0x18  Code  Gb  os_task.o [1]
PutChar                 0x080026f9   0x1e  Code  Gb  app.o [1]
Puts                    0x08002717   0x16  Code  Gb  app.o [1]
RCC_ADCCLKConfig        0x08002dfb   0x14  Code  Gb  stm32f10x_rcc.o [1]
RCC_APB2PeriphClockCmd  0x08002ecf   0x20  Code  Gb  stm32f10x_rcc.o [1]
RCC_DeInit              0x08002c95   0x5e  Code  Gb  stm32f10x_rcc.o [1]
RCC_GetClocksFreq       0x08002e0f   0xc0  Code  Gb  stm32f10x_rcc.o [1]
RCC_GetFlagStatus       0x08002eef   0x44  Code  Gb  stm32f10x_rcc.o [1]
RCC_GetSYSCLKSource     0x08002db3    0xa  Code  Gb  stm32f10x_rcc.o [1]
RCC_HCLKConfig          0x08002dbd   0x14  Code  Gb  stm32f10x_rcc.o [1]
RCC_HSEConfig           0x08002cf3   0x54  Code  Gb  stm32f10x_rcc.o [1]
RCC_PCLK1Config         0x08002dd1   0x14  Code  Gb  stm32f10x_rcc.o [1]
RCC_PCLK2Config         0x08002de5   0x16  Code  Gb  stm32f10x_rcc.o [1]
RCC_PLLCmd              0x08002d97    0x8  Code  Gb  stm32f10x_rcc.o [1]
RCC_PLLConfig           0x08002d81   0x16  Code  Gb  stm32f10x_rcc.o [1]
RCC_SYSCLKConfig        0x08002d9f   0x14  Code  Gb  stm32f10x_rcc.o [1]
RCC_WaitForHSEStartUp   0x08002d47   0x3a  Code  Gb  stm32f10x_rcc.o [1]
Region$$Table$$Base     0x0800347c          --   Gb  - Linker created -
Region$$Table$$Limit    0x0800348c          --   Gb  - Linker created -
TIM_GetCounter          0x08003325    0x4  Code  Gb  stm32f10x_tim.o [1]
USART1_Init             0x0800272d   0x3c  Code  Gb  app.o [1]
USART_Cmd               0x08002c79   0x1c  Code  Gb  stm32f10x_usart.o [1]
USART_Init              0x08002bdd   0x98  Code  Gb  stm32f10x_usart.o [1]
_GenldFull              0x08000b39  0x260  Code  Lc  xprintffull.o [3]
_LdtobFull              0x08000749  0x3ea  Code  Lc  xprintffull.o [3]
_LitobFull              0x08000637  0x10c  Code  Lc  xprintffull.o [3]
_PrintfFull             0x080000ed  0x544  Code  Gb  xprintffull.o [3]
_PutcharsFull           0x08000d99   0x2e  Code  Lc  xprintffull.o [3]
_SProut                 0x08000e1b    0xa  Code  Gb  xsprout.o [3]
__aeabi_cdcmple         0x0800105d         Code  Gb  DblCmpLe.o [4]
__aeabi_cdrcmple        0x0800108d         Code  Gb  DblCmpGe.o [4]
__aeabi_d2iz            0x080011c9         Code  Gb  DblToI32.o [4]
__aeabi_d2uiz           0x080011f5         Code  Gb  DblToI32.o [4]
__aeabi_ddiv            0x08001575         Code  Gb  DblDiv.o [4]
__aeabi_dmul            0x080013d1         Code  Gb  DblMul.o [4]
__aeabi_dsub            0x08001251         Code  Gb  DblSub.o [4]
__aeabi_i2d             0x08001221         Code  Gb  I32ToDbl.o [4]
__aeabi_ldiv0           0x080017c9         Code  Gb  I64DivZer.o [5]
__aeabi_memcpy          0x08000fa5         Code  Gb  ABImemcpy.o [5]
__aeabi_memcpy4         0x08000fc5         Code  Gb  ABImemcpy.o [5]
__aeabi_memcpy8         0x08000fc5         Code  Gb  ABImemcpy.o [5]
__aeabi_ui2d            0x08001235         Code  Gb  I32ToDbl.o [4]
__aeabi_uldivmod        0x08000eb5         Code  Gb  I64DivMod.o [5]
__cmain                 0x080034dd         Code  Gb  cmain.o [5]
__exit                  0x08003509   0x14  Code  Gb  exit.o [6]
__iar_Dnorm             0x0800101b   0x42  Code  Gb  xdnorm.o [4]
__iar_Dscale            0x080010bd  0x10c  Code  Gb  xdscale.o [4]
__iar_Memchr            0x08000e5d         Code  Gb  memchr.o [5]
__iar_Strchr            0x08000e05         Code  Gb  strchr.o [5]
__iar_d2uiz             0x08001201         Code  Gb  DblToI32.o [4]
__iar_dadd              0x080017cd         Code  Gb  DblAdd.o [4]
__iar_data_init3        0x08003455   0x28  Code  Gb  data_init.o [5]
__iar_dsub              0x08001265         Code  Gb  DblSub.o [4]
__iar_dsubStart         0x08001277         Code  Gb  DblSub.o [4]
__iar_program_start     0x08003579         Code  Gb  cstartup_M.o [5]
__iar_ui2d              0x08001239         Code  Gb  I32ToDbl.o [4]
__iar_zero_init3        0x08000de3   0x22  Code  Gb  zero_init3.o [5]
__low_level_init        0x080034f3    0x4  Code  Gb  low_level_init.o [3]
__vector_table          0x08000000   0xec  Data  Gb  app_vect_v5.o [1]
_call_main              0x080034e9         Code  Gb  cmain.o [5]
_exit                   0x080034fd         Code  Gb  cexit.o [5]
_main                   0x080034ef         Code  Gb  cmain.o [5]
div                     0x080017bb    0xe  Code  Gb  div.o [3]
exit                    0x080034f7    0x4  Code  Gb  exit.o [3]
main                    0x080027b1   0x46  Code  Gb  app.o [1]
memchr                  0x08000e5d         Code  Gb  memchr.o [5]
sprintf                 0x0800323d   0x34  Code  Gb  sprintf.o [3]
strchr                  0x08000e05         Code  Gb  strchr.o [5]
strlen                  0x08000e25         Code  Gb  strlen.o [5]


[1] = C:\BookSrc_CM3_IAR\Software\EvalBoards\ST\MANGO-Z1\IAR\OS-Probe\Flash\Obj
[2] = command line
[3] = dl7M_tln.a
[4] = m7M_tl.a
[5] = rt7M_tl.a
[6] = shb_l.a

  13 010 bytes of readonly  code memory
     788 bytes of readonly  data memory
   6 172 bytes of readwrite data memory

Errors: none
Warnings: none
